IO Error found on id 110439
